<pre><code class="my-class hljs">
  <span class="hljs-keyword">const</span> foo = <span class="hljs-string">'foo'</span>
  console.<span class="hljs-built_in">log</span>(foo)
</code></pre>